Product: MDK-ARM Professional 5.10
Component: ARM Compiler 5.04 update 1 (build 49)
Tool: armlink [5040049]

==============================================================================

Section Cross References

    main.o(.text) refers to bsp.o(.text) for BSP_Config
    main.o(.text) refers to led.o(.text) for LED_Init
    main.o(.text) refers to usart2.o(.text) for USART2_Init
    main.o(.text) refers to delay.o(.text) for delay_init
    main.o(.text) refers to qc12864.o(.text) for Qc12864_Init
    main.o(.text) refers to hal_i2c.o(.text) for Hal_I2C_Init
    main.o(.text) refers to misc.o(.text) for NVIC_PriorityGroupConfig
    main.o(.text) refers to os_core.o(.text) for OSInit
    main.o(.text) refers to os_task.o(.text) for OSTaskCreate
    main.o(.text) refers to task.o(.bss) for START_TASK_STK
    main.o(.text) refers to task.o(.text) for start_task
    stm32f10x_it.o(.text) refers to stm32f10x_exti.o(.text) for EXTI_GetFlagStatus
    stm32f10x_it.o(.text) refers to led.o(.text) for LED_CmdCtl
    stm32f10x_it.o(.text) refers to memseta.o(.text) for __aeabi_memclr
    stm32f10x_it.o(.text) refers to stm32f10x_usart.o(.text) for USART_GetFlagStatus
    stm32f10x_it.o(.text) refers to stm32f10x_it.o(.data) for .data
    stm32f10x_it.o(.text) refers to usart2.o(.data) for usart2_rcv_len
    stm32f10x_it.o(.text) refers to usart2.o(.bss) for usart2_rcv_buf
    stm32f10x_it.o(.text) refers to usart2.o(.data) for rcv_cmd_start
    stm32f10x_it.o(.text) refers to usart2.o(.data) for usart2_cmd_len
    stm32f10x_it.o(.text) refers to usart2.o(.bss) for usart2_cmd_buf
    stm32f10x_it.o(.text) refers to stm32f10x_it.o(.bss) for .bss
    task.o(.text) refers to esp8266.o(.text) for ESP8266_CheckStatus
    task.o(.text) refers to led.o(.text) for LED_Switch
    task.o(.text) refers to stm32f10x_gpio.o(.text) for GPIO_SetBits
    task.o(.text) refers to delay.o(.text) for delay_ms
    task.o(.text) refers to os_time.o(.text) for OSTimeDlyHMSM
    task.o(.text) refers to graphics.o(.text) for graphMain
    task.o(.text) refers to sht20.o(.text) for SHT2x_MeasureHM
    task.o(.text) refers to stm32f10x_usart.o(.text) for USART_GetFlagStatus
    task.o(.text) refers to os_core.o(.text) for OSStatInit
    task.o(.text) refers to os_cpu_a.o(.text) for OS_CPU_SR_Save
    task.o(.text) refers to os_task.o(.text) for OSTaskCreate
    task.o(.text) refers to task.o(.data) for .data
    task.o(.text) refers to stm32f10x_it.o(.bss) for Receive
    task.o(.text) refers to task.o(.bss) for .bss
    delay.o(.text) refers to os_core.o(.text) for OSIntEnter
    delay.o(.text) refers to misc.o(.text) for SysTick_CLKSourceConfig
    delay.o(.text) refers to os_time.o(.text) for OSTimeDly
    delay.o(.text) refers to system_stm32f10x.o(.data) for SystemCoreClock
    delay.o(.text) refers to delay.o(.data) for .data
    delay.o(.text) refers to os_core.o(.data) for OSRunning
    cjson.o(.text) refers to tolower.o(.text) for tolower
    cjson.o(.text) refers to strlen.o(.text) for strlen
    cjson.o(.text) refers to memmovea.o(.text) for __aeabi_memcpy
    cjson.o(.text) refers to memseta.o(.text) for __aeabi_memclr4
    cjson.o(.text) refers to dflti.o(.text) for __aeabi_i2d
    cjson.o(.text) refers to dmul.o(.text) for __aeabi_dmul
    cjson.o(.text) refers to dadd.o(.text) for __aeabi_dadd
    cjson.o(.text) refers to pow.o(i.pow) for pow
    cjson.o(.text) refers to dfixi.o(.text) for __aeabi_d2iz
    cjson.o(.text) refers to cdcmple.o(.text) for __aeabi_cdcmpeq
    cjson.o(.text) refers to cdrcmple.o(.text) for __aeabi_cdrcmple
    cjson.o(.text) refers to printfa.o(i.__0sprintf) for __2sprintf
    cjson.o(.text) refers to floor.o(i.floor) for floor
    cjson.o(.text) refers to cjson.o(.data) for .data
    cjson.o(.text) refers to malloc.o(i.malloc) for malloc
    cjson.o(.text) refers to malloc.o(i.free) for free
    cjson.o(.text) refers to strcpy.o(.text) for strcpy
    cjson.o(.text) refers to strchr.o(.text) for strchr
    cjson.o(.text) refers to cjson.o(.constdata) for .constdata
    cjson.o(.text) refers to strncmp.o(.text) for strncmp
    cjson.o(.text) refers to f2d.o(.text) for __aeabi_f2d
    cjson.o(.data) refers to malloc.o(i.malloc) for malloc
    cjson.o(.data) refers to malloc.o(i.free) for free
    edpkit.o(.text) refers to malloc.o(i.malloc) for malloc
    edpkit.o(.text) refers to malloc.o(i.free) for free
    edpkit.o(.text) refers to memmovea.o(.text) for __aeabi_memcpy
    edpkit.o(.text) refers to memseta.o(.text) for __aeabi_memclr
    edpkit.o(.text) refers to strncpy.o(.text) for strncpy
    edpkit.o(.text) refers to strlen.o(.text) for strlen
    edpkit.o(.text) refers to cjson.o(.text) for cJSON_Print
    edpkit.o(.text) refers to dflti.o(.text) for __aeabi_i2d
    esp8266.o(.text) refers to utils.o(.text) for mDelay
    esp8266.o(.text) refers to memseta.o(.text) for __aeabi_memclr
    esp8266.o(.text) refers to strlen.o(.text) for strlen
[...]
    .text                                    0x08008b72   Section        0  llshl.o(.text)
    .text                                    0x08008b90   Section        0  llushr.o(.text)
    .text                                    0x08008bb0   Section        0  llsshr.o(.text)
    .text                                    0x08008bd4   Section        0  fepilogue.o(.text)
    .text                                    0x08008bd4   Section        0  iusefp.o(.text)
    .text                                    0x08008c42   Section        0  depilogue.o(.text)
    .text                                    0x08008cf8   Section        0  ddiv.o(.text)
    .text                                    0x08008dd6   Section        0  dscalb.o(.text)
    .text                                    0x08008e04   Section        0  dfixul.o(.text)
    .text                                    0x08008e34   Section       36  init.o(.text)
    .text                                    0x08008e58   Section        0  dsqrt.o(.text)
    i.__0printf                              0x08008efc   Section        0  printfa.o(i.__0printf)
    i.__0sprintf                             0x08008f1c   Section        0  printfa.o(i.__0sprintf)
    i.__ARM_fpclassify                       0x08008f44   Section        0  fpclassify.o(i.__ARM_fpclassify)
    i.__kernel_poly                          0x08008f6c   Section        0  poly.o(i.__kernel_poly)
    i.__mathlib_dbl_underflow                0x08009018   Section        0  dunder.o(i.__mathlib_dbl_underflow)
    i.__scatterload_copy                     0x08009028   Section       14  handlers.o(i.__scatterload_copy)
    i.__scatterload_null                     0x08009036   Section        2  handlers.o(i.__scatterload_null)
    i.__scatterload_zeroinit                 0x08009038   Section       14  handlers.o(i.__scatterload_zeroinit)
    i.__set_errno                            0x08009048   Section        0  errno.o(i.__set_errno)
    i._fp_digits                             0x08009054   Section        0  printfa.o(i._fp_digits)
    _fp_digits                               0x08009055   Thumb Code   334  printfa.o(i._fp_digits)
    i._printf_core                           0x080091b8   Section        0  printfa.o(i._printf_core)
    _printf_core                             0x080091b9   Thumb Code  1744  printfa.o(i._printf_core)
    i._printf_post_padding                   0x08009894   Section        0  printfa.o(i._printf_post_padding)
    _printf_post_padding                     0x08009895   Thumb Code    36  printfa.o(i._printf_post_padding)
    i._printf_pre_padding                    0x080098b8   Section        0  printfa.o(i._printf_pre_padding)
    _printf_pre_padding                      0x080098b9   Thumb Code    46  printfa.o(i._printf_pre_padding)
    i._sputc                                 0x080098e6   Section        0  printfa.o(i._sputc)
    _sputc                                   0x080098e7   Thumb Code    10  printfa.o(i._sputc)
    i.floor                                  0x080098f0   Section        0  floor.o(i.floor)
    i.free                                   0x080099cc   Section        0  malloc.o(i.free)
    i.malloc                                 0x08009a1c   Section        0  malloc.o(i.malloc)
    i.pow                                    0x08009a88   Section        0  pow.o(i.pow)
    i.sqrt                                   0x0800a468   Section        0  sqrt.o(i.sqrt)
    .constdata                               0x0800a4b4   Section        7  cjson.o(.constdata)
    firstByteMark                            0x0800a4b4   Data           7  cjson.o(.constdata)
    .constdata                               0x0800a4bc   Section     2776  graphics.o(.constdata)
    .constdata                               0x0800af94   Section      512  utils.o(.constdata)
    aucCRCHi                                 0x0800af94   Data         256  utils.o(.constdata)
    aucCRCLo                                 0x0800b094   Data         256  utils.o(.constdata)
    .constdata                               0x0800b194   Section      256  os_core.o(.constdata)
    .constdata                               0x0800b298   Section      136  pow.o(.constdata)
    bp                                       0x0800b298   Data          16  pow.o(.constdata)
    dp_h                                     0x0800b2a8   Data          16  pow.o(.constdata)
    dp_l                                     0x0800b2b8   Data          16  pow.o(.constdata)
    L                                        0x0800b2c8   Data          48  pow.o(.constdata)
    P                                        0x0800b2f8   Data          40  pow.o(.constdata)
    .constdata                               0x0800b320   Section        8  qnan.o(.constdata)
    .data                                    0x20000000   Section        8  stm32f10x_it.o(.data)
    .data                                    0x20000008   Section       20  task.o(.data)
    .data                                    0x2000001c   Section        4  delay.o(.data)
    fac_us                                   0x2000001c   Data           1  delay.o(.data)
    fac_ms                                   0x2000001e   Data           2  delay.o(.data)
    .data                                    0x20000020   Section       12  cjson.o(.data)
    cJSON_malloc                             0x20000020   Data           4  cjson.o(.data)
    cJSON_free                               0x20000024   Data           4  cjson.o(.data)
    ep                                       0x20000028   Data           4  cjson.o(.data)
    .data                                    0x2000002c   Section        4  esp8266.o(.data)
    .data                                    0x20000030   Section        1  usart2.o(.data)
    .data                                    0x20000034   Section        4  usart2.o(.data)
    .data                                    0x20000038   Section        4  usart2.o(.data)
    .data                                    0x2000003c   Section        9  led.o(.data)
    .data                                    0x20000048   Section       49  graphics.o(.data)
    .data                                    0x20000079   Section       20  stm32f10x_rcc.o(.data)
    ADCPrescTable                            0x20000079   Data           4  stm32f10x_rcc.o(.data)
    APBAHBPrescTable                         0x2000007d   Data          16  stm32f10x_rcc.o(.data)
    .data                                    0x20000090   Section       20  system_stm32f10x.o(.data)
    .data                                    0x200000a4   Section       60  os_core.o(.data)
    .data                                    0x200000e0   Section        4  os_core.o(.data)
    .data                                    0x200000e4   Section        4  os_core.o(.data)
    .data                                    0x200000e8   Section        4  stdout.o(.data)
    .data                                    0x200000ec   Section        4  mvars.o(.data)
    .data                                    0x200000f0   Section        4  mvars.o(.data)
    .data                                    0x200000f4   Section        4  errno.o(.data)
    _errno                                   0x200000f4   Data           4  errno.o(.data)
    .bss                                     0x200000f8   Section       10  stm32f10x_it.o(.bss)
    .bss                                     0x20000104   Section      256  task.o(.bss)
    .bss                                     0x20000204   Section     1536  task.o(.bss)
    .bss                                     0x20000804   Section     1024  esp8266.o(.bss)
    .bss                                     0x20000c04   Section     1024  usart2.o(.bss)
    .bss                                     0x20001004   Section      256  usart2.o(.bss)
    .bss                                     0x20001104   Section     1024  qc12864.o(.bss)
    .bss                                     0x20001504   Section     2488  os_core.o(.bss)
    .bss                                     0x20001ebc   Section       80  os_core.o(.bss)
    .bss                                     0x20001f0c   Section      120  os_core.o(.bss)
    HEAP                                     0x20001f88   Section      512  startup_stm32f10x_md.o(HEAP)
    STACK                                    0x20002188   Section     1024  startup_stm32f10x_md.o(STACK)

    Global Symbols

    Symbol Name                              Value     Ov Type        Size  Object(Section)

    BuildAttributes$$THM_ISAv4$P$D$K$B$S$PE$A:L22UL41UL21$X:L11$S22US41US21$IEEE1$IW$USESV6$~STKCKD$USESV7$~SHL$OTIME$ROPI$IEEEX$EBA8$MICROLIB$REQ8$PRES8$EABIv2 0x00000000   Number         0  anon$$obj.o ABSOLUTE
    __ARM_use_no_argv                        0x00000000   Number         0  main.o ABSOLUTE
    _printf_a                                0x00000000   Number         0  stubs.o ABSOLUTE
    _printf_c                                0x00000000   Number         0  stubs.o ABSOLUTE
    _printf_charcount                        0x00000000   Number         0  stubs.o ABSOLUTE
    _printf_d                                0x00000000   Number         0  stubs.o ABSOLUTE
    _printf_e                                0x00000000   Number         0  stubs.o ABSOLUTE
    _printf_f                                0x00000000   Number         0  stubs.o ABSOLUTE
    _printf_flags                            0x00000000   Number         0  stubs.o ABSOLUTE
    _printf_fp_dec                           0x00000000   Number         0  stubs.o ABSOLUTE
    _printf_fp_hex                           0x00000000   Number         0  stubs.o ABSOLUTE
    _printf_g                                0x00000000   Number         0  stubs.o ABSOLUTE
    _printf_i                                0x00000000   Number         0  stubs.o ABSOLUTE
    _printf_int_dec                          0x00000000   Number         0  stubs.o ABSOLUTE
    _printf_l                                0x00000000   Number         0  stubs.o ABSOLUTE
    _printf_lc                               0x00000000   Number         0  stubs.o ABSOLUTE
    _printf_ll                               0x00000000   Number         0  stubs.o ABSOLUTE
    _printf_lld                              0x00000000   Number         0  stubs.o ABSOLUTE
    _printf_lli                              0x00000000   Number         0  stubs.o ABSOLUTE
    _printf_llo                              0x00000000   Number         0  stubs.o ABSOLUTE
    _printf_llu                              0x00000000   Number         0  stubs.o ABSOLUTE
    _printf_llx                              0x00000000   Number         0  stubs.o ABSOLUTE
    _printf_longlong_dec                     0x00000000   Number         0  stubs.o ABSOLUTE
    _printf_longlong_hex                     0x00000000   Number         0  stubs.o ABSOLUTE
    _printf_longlong_oct                     0x00000000   Number         0  stubs.o ABSOLUTE
    _printf_ls                               0x00000000   Number         0  stubs.o ABSOLUTE
    _printf_mbtowc                           0x00000000   Number         0  stubs.o ABSOLUTE
    _printf_n                                0x00000000   Number         0  stubs.o ABSOLUTE
    _printf_o                                0x00000000   Number         0  stubs.o ABSOLUTE
    _printf_p                                0x00000000   Number         0  stubs.o ABSOLUTE
    _printf_percent                          0x00000000   Number         0  stubs.o ABSOLUTE
    _printf_pre_padding                      0x00000000   Number         0  stubs.o ABSOLUTE
    _printf_return_value                     0x00000000   Number         0  stubs.o ABSOLUTE
    _printf_s                                0x00000000   Number         0  stubs.o ABSOLUTE
    _printf_sizespec                         0x00000000   Number         0  stubs.o ABSOLUTE
    _printf_str                              0x00000000   Number         0  stubs.o ABSOLUTE
    _printf_truncate_signed                  0x00000000   Number         0  stubs.o ABSOLUTE
    _printf_truncate_unsigned                0x00000000   Number         0  stubs.o ABSOLUTE
    _printf_u                                0x00000000   Number         0  stubs.o ABSOLUTE
    _printf_wc                               0x00000000   Number         0  stubs.o ABSOLUTE
    _printf_wctomb                           0x00000000   Number         0  stubs.o ABSOLUTE
    _printf_widthprec                        0x00000000   Number         0  stubs.o ABSOLUTE
    _printf_x                                0x00000000   Number         0  stubs.o ABSOLUTE
    __cpp_initialize__aeabi_                  - Undefined Weak Reference
    __cxa_finalize                            - Undefined Weak Reference
    __decompress                              - Undefined Weak Reference
    _clock_init                               - Undefined Weak Reference
    _microlib_exit                            - Undefined Weak Reference
    __Vectors_Size                           0x000000ec   Number         0  startup_stm32f10x_md.o ABSOLUTE
    __Vectors                                0x08000000   Data           4  startup_stm32f10x_md.o(RESET)
    __Vectors_End                            0x080000ec   Data           0  startup_stm32f10x_md.o(RESET)
    __main                                   0x080000ed   Thumb Code     0  entry.o(.ARM.Collect$$$$00000000)
    _main_stk                                0x080000ed   Thumb Code     0  entry2.o(.ARM.Collect$$$$00000001)
    _main_scatterload                        0x080000f1   Thumb Code     0  entry5.o(.ARM.Collect$$$$00000004)
    __main_after_scatterload                 0x080000f5   Thumb Code     0  entry5.o(.ARM.Collect$$$$00000004)
    _main_clock                              0x080000f5   Thumb Code     0  entry7b.o(.ARM.Collect$$$$00000008)
    _main_cpp_init                           0x080000f5   Thumb Code     0  entry8b.o(.ARM.Collect$$$$0000000A)
    _main_init                               0x080000f5   Thumb Code     0  entry9a.o(.ARM.Collect$$$$0000000B)
    __rt_final_cpp                           0x080000fd   Thumb Code     0  entry10a.o(.ARM.Collect$$$$0000000D)
    __rt_final_exit                          0x080000fd   Thumb Code     0  entry11a.o(.ARM.Collect$$$$0000000F)
    main                                     0x08000101   Thumb Code    58  main.o(.text)
    NMI_Handler                              0x08000145   Thumb Code     2  stm32f10x_it.o(.text)
    HardFault_Handler                        0x08000147   Thumb Code     2  stm32f10x_it.o(.text)
    MemManage_Handler                        0x08000149   Thumb Code     2  stm32f10x_it.o(.text)
    BusFault_Handler                         0x0800014b   Thumb Code     2  stm32f10x_it.o(.text)
    UsageFault_Handler                       0x0800014d   Thumb Code     2  stm32f10x_it.o(.text)
    SVC_Handler                              0x0800014f   Thumb Code     2  stm32f10x_it.o(.text)
    DebugMon_Handler                         0x08000151   Thumb Code     2  stm32f10x_it.o(.text)
    EXTI9_5_IRQHandler                       0x08000153   Thumb Code    26  stm32f10x_it.o(.text)
    USART2_IRQHandler                        0x0800016d   Thumb Code    98  stm32f10x_it.o(.text)
    USART1_IRQHandler                        0x080001cf   Thumb Code    84  stm32f10x_it.o(.text)
    user1_task                               0x08000249   Thumb Code    54  task.o(.text)
    YUYIN                                    0x0800027f   Thumb Code   374  task.o(.text)
    hse_task                                 0x080003f5   Thumb Code    44  task.o(.text)
    lcd_task                                 0x08000421   Thumb Code    74  task.o(.text)
    Putchar_String                           0x0800046b   Thumb Code    40  task.o(.text)
    start_task                               0x08000493   Thumb Code    90  task.o(.text)
    SysTick_Handler                          0x08000541   Thumb Code    18  delay.o(.text)
    delay_init                               0x08000553   Thumb Code    58  delay.o(.text)
    delay_us                                 0x0800058d   Thumb Code    50  delay.o(.text)
    delay_ms                                 0x080005bf   Thumb Code    50  delay.o(.text)
    cJSON_GetErrorPtr                        0x08000601   Thumb Code     6  cjson.o(.text)
    cJSON_InitHooks                          0x0800067d   Thumb Code    36  cjson.o(.text)
    cJSON_Delete                             0x080006bb   Thumb Code    66  cjson.o(.text)
    cJSON_ParseWithOpts                      0x080010a7   Thumb Code    94  cjson.o(.text)
    cJSON_Parse                              0x08001105   Thumb Code     6  cjson.o(.text)
    cJSON_Print                              0x080017b9   Thumb Code     8  cjson.o(.text)
    cJSON_PrintUnformatted                   0x080017c1   Thumb Code     8  cjson.o(.text)
    cJSON_PrintBuffered                      0x080017c9   Thumb Code    38  cjson.o(.text)
    cJSON_GetArraySize                       0x080017ef   Thumb Code    16  cjson.o(.text)
    cJSON_GetArrayItem                       0x080017ff   Thumb Code    18  cjson.o(.text)
    cJSON_GetObjectItem                      0x08001811   Thumb Code    28  cjson.o(.text)
    cJSON_AddItemToArray                     0x08001861   Thumb Code    26  cjson.o(.text)
    cJSON_AddItemToObject                    0x0800187b   Thumb Code    42  cjson.o(.text)
    cJSON_AddItemToObjectCS                  0x080018a5   Thumb Code    50  cjson.o(.text)
    cJSON_AddItemReferenceToArray            0x080018d7   Thumb Code    20  cjson.o(.text)
    cJSON_AddItemReferenceToObject           0x080018eb   Thumb Code    24  cjson.o(.text)
    cJSON_DetachItemFromArray                0x08001903   Thumb Code    56  cjson.o(.text)
    cJSON_DeleteItemFromArray                0x0800193b   Thumb Code    14  cjson.o(.text)
    cJSON_DetachItemFromObject               0x08001949   Thumb Code    50  cjson.o(.text)
    cJSON_DeleteItemFromObject               0x0800197b   Thumb Code    14  cjson.o(.text)
    cJSON_InsertItemInArray                  0x08001989   Thumb Code    52  cjson.o(.text)
    cJSON_ReplaceItemInArray                 0x080019bd   Thumb Code    62  cjson.o(.text)
    cJSON_ReplaceItemInObject                0x080019fb   Thumb Code    60  cjson.o(.text)
    cJSON_CreateNull                         0x08001a37   Thumb Code    16  cjson.o(.text)
    cJSON_CreateTrue                         0x08001a47   Thumb Code    16  cjson.o(.text)
    cJSON_CreateFalse                        0x08001a57   Thumb Code    16  cjson.o(.text)
    cJSON_CreateBool                         0x08001a67   Thumb Code    24  cjson.o(.text)
    cJSON_CreateNumber                       0x08001a7f   Thumb Code    36  cjson.o(.text)
    cJSON_CreateString                       0x08001aa3   Thumb Code    28  cjson.o(.text)
    cJSON_CreateArray                        0x08001abf   Thumb Code    16  cjson.o(.text)
    cJSON_CreateObject                       0x08001acf   Thumb Code    16  cjson.o(.text)
    cJSON_CreateIntArray                     0x08001adf   Thumb Code    64  cjson.o(.text)
    cJSON_CreateFloatArray                   0x08001b1f   Thumb Code    62  cjson.o(.text)
    cJSON_CreateDoubleArray                  0x08001b5d   Thumb Code    60  cjson.o(.text)
    cJSON_CreateStringArray                  0x08001b99   Thumb Code    66  cjson.o(.text)
    cJSON_Duplicate                          0x08001bdb   Thumb Code   150  cjson.o(.text)
    cJSON_Minify                             0x08001c71   Thumb Code   158  cjson.o(.text)
    assert                                   0x08001d11   Thumb Code     2  edpkit.o(.text)
    NewBuffer                                0x08001d15   Thumb Code    34  edpkit.o(.text)
    DeleteBuffer                             0x08001d37   Thumb Code    24  edpkit.o(.text)
    CheckCapacity                            0x08001d4f   Thumb Code    74  edpkit.o(.text)
    ReadByte                                 0x08001d99   Thumb Code    34  edpkit.o(.text)
    ReadBytes                                0x08001dbb   Thumb Code    54  edpkit.o(.text)
    ReadUint16                               0x08001df1   Thumb Code    42  edpkit.o(.text)
    ReadUint32                               0x08001e1b   Thumb Code    48  edpkit.o(.text)
    ReadStr                                  0x08001e4b   Thumb Code    90  edpkit.o(.text)
    ReadRemainlen                            0x08001ea5   Thumb Code    66  edpkit.o(.text)
    WriteByte                                0x08001ee7   Thumb Code    54  edpkit.o(.text)
    WriteBytes                               0x08001f1d   Thumb Code    64  edpkit.o(.text)
    WriteUint16                              0x08001f5d   Thumb Code    52  edpkit.o(.text)
    WriteUint32                              0x08001f91   Thumb Code    76  edpkit.o(.text)
    WriteStr                                 0x08001fdd   Thumb Code    62  edpkit.o(.text)
    WriteRemainlen                           0x0800201b   Thumb Code    76  edpkit.o(.text)
    PacketConnect1                           0x08002067   Thumb Code   100  edpkit.o(.text)
    PacketConnect2                           0x080020cb   Thumb Code   114  edpkit.o(.text)
    PacketPushdata                           0x0800213d   Thumb Code    62  edpkit.o(.text)
    PacketSavedataJson                       0x0800217b   Thumb Code   122  edpkit.o(.text)
    PacketSavedataInt                        0x08002637   Thumb Code    64  edpkit.o(.text)
    PacketSavedataDouble                     0x08002677   Thumb Code    76  edpkit.o(.text)
    PacketSavedataString                     0x080026c3   Thumb Code    64  edpkit.o(.text)
    UnpackSavedataJson                       0x08002703   Thumb Code    66  edpkit.o(.text)
    UnpackSavedataInt                        0x08002bb5   Thumb Code    48  edpkit.o(.text)
    UnpackSavedataDouble                     0x08002be5   Thumb Code    46  edpkit.o(.text)
    UnpackSavedataString                     0x08002c13   Thumb Code    46  edpkit.o(.text)
    UnpackSavedataAck                        0x08002c41   Thumb Code    82  edpkit.o(.text)
    PacketSavedataBin                        0x08002c93   Thumb Code   180  edpkit.o(.text)
    PacketSavedataBinStr                     0x08002d47   Thumb Code   148  edpkit.o(.text)
    PacketCmdResp                            0x08002ddb   Thumb Code    88  edpkit.o(.text)
    PacketPing                               0x08002e33   Thumb Code    28  edpkit.o(.text)
    IsPkgComplete                            0x08002e4f   Thumb Code    70  edpkit.o(.text)
    GetEdpPacket                             0x08002e95   Thumb Code    76  edpkit.o(.text)
    EdpPacketType                            0x08002ee1   Thumb Code    18  edpkit.o(.text)
    UnpackConnectResp                        0x08002ef3   Thumb Code    90  edpkit.o(.text)
    UnpackPushdata                           0x08002f4d   Thumb Code    96  edpkit.o(.text)
    UnpackSavedata                           0x08002fad   Thumb Code    90  edpkit.o(.text)
    UnpackSavedataBin                        0x08003007   Thumb Code   106  edpkit.o(.text)
    UnpackSavedataBinStr                     0x08003071   Thumb Code    78  edpkit.o(.text)
    UnpackCmdReq                             0x080030bf   Thumb Code   112  edpkit.o(.text)
    UnpackPingResp                           0x0800312f   Thumb Code    42  edpkit.o(.text)
    PacketSavedataSimpleString               0x08003159   Thumb Code   104  edpkit.o(.text)
    UnpackSavedataSimpleString               0x080031c1   Thumb Code    18  edpkit.o(.text)
    SendCmd                                  0x080031d9   Thumb Code    76  esp8266.o(.text)
    ESP8266_Init                             0x08003225   Thumb Code    82  esp8266.o(.text)
    GetSendBuf                               0x08003277   Thumb Code   260  esp8266.o(.text)
    ESP8266_DevLink                          0x0800337b   Thumb Code   136  esp8266.o(.text)
    ESP8266_CheckStatus                      0x08003403   Thumb Code   130  esp8266.o(.text)
    ESP8266_SendDat                          0x08003485   Thumb Code   112  esp8266.o(.text)
    USART2_Init                              0x0800366d   Thumb Code   158  usart2.o(.text)
    usart2_write                             0x0800370b   Thumb Code    54  usart2.o(.text)
    LED_Init                                 0x08003749   Thumb Code    70  led.o(.text)
    LED_CmdCtl                               0x0800378f   Thumb Code   314  led.o(.text)
    LED_Switch                               0x080038c9   Thumb Code   166  led.o(.text)
    LED_GetValue                             0x0800396f   Thumb Code   114  led.o(.text)
    graphLoadMenu                            0x08003a65   Thumb Code    56  graphics.o(.text)
    graphMain                                0x08003a9d   Thumb Code     4  graphics.o(.text)
    graphOnKeyPressed                        0x08003aa1   Thumb Code    14  graphics.o(.text)
    graphOnTick                              0x08003aaf   Thumb Code    44  graphics.o(.text)
    cstrcpy                                  0x08003adb   Thumb Code    20  graphics.o(.text)
    Qc12864_Gpio_Config                      0x080043bd   Thumb Code    96  qc12864.o(.text)
    Qc12864_Write                            0x0800441d   Thumb Code    78  qc12864.o(.text)
    Qc12864_WriteCmd                         0x0800446b   Thumb Code    28  qc12864.o(.text)
    Qc12864_WriteData                        0x08004487   Thumb Code    28  qc12864.o(.text)
    Qc12864_Display_Str                      0x080044a3   Thumb Code    40  qc12864.o(.text)
    Refresh_Cache_Point                      0x080044cb   Thumb Code    46  qc12864.o(.text)
    Refresh_Cache_Byte                       0x080044f9   Thumb Code    80  qc12864.o(.text)
    Qc12864_Draw_Byte                        0x08004549   Thumb Code    86  qc12864.o(.text)
    Qc12864_Draw_nWord                       0x0800459f   Thumb Code    66  qc12864.o(.text)
    Qc12864_Draw_Point                       0x080045e1   Thumb Code    30  qc12864.o(.text)
    Qc12864_Get_Point                        0x080045ff   Thumb Code    30  qc12864.o(.text)
    Qc12864_DrawHLine                        0x0800461d   Thumb Code   336  qc12864.o(.text)
    Qc12864_Draw_VLine                       0x0800476d   Thumb Code    34  qc12864.o(.text)
    Qc12864_Draw_Rect                        0x080048fd   Thumb Code    98  qc12864.o(.text)
    Qc12864_Draw_Bmp                         0x0800495f   Thumb Code    94  qc12864.o(.text)
    Qc12864_Draw_GB12_Linex                  0x080049bd   Thumb Code    48  qc12864.o(.text)
    Qc12864_Draw_ASC8                        0x080049ed   Thumb Code   116  qc12864.o(.text)
    Qc12864_Draw_GB12                        0x08004a61   Thumb Code   116  qc12864.o(.text)
    Qc12864_Clear                            0x08004ad5   Thumb Code    46  qc12864.o(.text)
    Qc12864_SoftInit                         0x08004b03   Thumb Code    58  qc12864.o(.text)
    Qc12864_Init                             0x08004b3d   Thumb Code    16  qc12864.o(.text)
    GPIO_I2C_Configuration                   0x08004b4d   Thumb Code    54  hal_i2c.o(.text)
    I2C_Configuration                        0x08004b83   Thumb Code    84  hal_i2c.o(.text)
    Check_I2C_Device_Ready                   0x08004bd7   Thumb Code     2  hal_i2c.o(.text)
    Hal_I2C_Init                             0x08004bd9   Thumb Code    22  hal_i2c.o(.text)
    Hal_I2C_ByteWrite                        0x08004bef   Thumb Code   142  hal_i2c.o(.text)
    Hal_I2C_ByteRead                         0x08004c7d   Thumb Code   198  hal_i2c.o(.text)
    Hal_I2C_MutiRead                         0x08004d43   Thumb Code   216  hal_i2c.o(.text)
    SHT20_reset                              0x08004e31   Thumb Code    12  sht20.o(.text)
    SHT20_read_user_reg                      0x08004e3d   Thumb Code    24  sht20.o(.text)
    SHT20_write_user_reg                     0x08004e55   Thumb Code    16  sht20.o(.text)
    SHT2x_CalcRH                             0x08004e65   Thumb Code    34  sht20.o(.text)
    SHT2x_CalcTemperatureC                   0x08004e87   Thumb Code    34  sht20.o(.text)
    SHT2x_CheckCrc                           0x08004ea9   Thumb Code    62  sht20.o(.text)
    SHT2x_MeasureHM                          0x08004ee7   Thumb Code   300  sht20.o(.text)
    SHT2x_GetSerialNumber                    0x08005013   Thumb Code   676  sht20.o(.text)
    SHT20_loop                               0x080052b7   Thumb Code   122  sht20.o(.text)
    hexdump                                  0x08005331   Thumb Code    36  utils.o(.text)
    prvucMBBIN2CHAR                          0x08005355   Thumb Code    28  utils.o(.text)
    usMBCRC16                                0x08005371   Thumb Code    38  utils.o(.text)
    mDelay                                   0x08005397   Thumb Code    24  utils.o(.text)
    uDelay                                   0x080053af   Thumb Code    20  utils.o(.text)
    NVIC_Config                              0x080053cd   Thumb Code    68  bsp.o(.text)
    EXTI_Config                              0x08005411   Thumb Code    48  bsp.o(.text)
    USART_Config                             0x08005441   Thumb Code   126  bsp.o(.text)
    JDQ_Config                               0x080054bf   Thumb Code    56  bsp.o(.text)
    HY_Config                                0x080054f7   Thumb Code    38  bsp.o(.text)
    BEEP_Config                              0x0800551d   Thumb Code    46  bsp.o(.text)
    BSP_Config                               0x0800554b   Thumb Code    28  bsp.o(.text)
    LED_Config                               0x08005567   Thumb Code    54  bsp.o(.text)
    LED1_Flip                                0x0800559d   Thumb Code    38  bsp.o(.text)
    LED2_Flip                                0x080055c3   Thumb Code    38  bsp.o(.text)
    KEY_Config                               0x080055e9   Thumb Code    56  bsp.o(.text)
    fputc                                    0x08005621   Thumb Code    30  bsp.o(.text)
    ADC_Config                               0x0800563f   Thumb Code   134  bsp.o(.text)
    GetAdc                                   0x080056c5   Thumb Code    46  bsp.o(.text)
    NVIC_PriorityGroupConfig                 0x08005709   Thumb Code    10  misc.o(.text)
    NVIC_Init                                0x08005713   Thumb Code    96  misc.o(.text)
    NVIC_SetVectorTable                      0x08005773   Thumb Code    14  misc.o(.text)
    NVIC_SystemLPConfig                      0x08005781   Thumb Code    24  misc.o(.text)
    SysTick_CLKSourceConfig                  0x08005799   Thumb Code    28  misc.o(.text)
    RCC_DeInit                               0x080057c1   Thumb Code    50  stm32f10x_rcc.o(.text)
    RCC_HSEConfig                            0x080057f3   Thumb Code    50  stm32f10x_rcc.o(.text)
    RCC_GetFlagStatus                        0x08005825   Thumb Code    42  stm32f10x_rcc.o(.text)
    RCC_WaitForHSEStartUp                    0x0800584f   Thumb Code    48  stm32f10x_rcc.o(.text)
    RCC_AdjustHSICalibrationValue            0x0800587f   Thumb Code    16  stm32f10x_rcc.o(.text)
    RCC_HSICmd                               0x0800588f   Thumb Code     6  stm32f10x_rcc.o(.text)
    RCC_PLLConfig                            0x08005895   Thumb Code    16  stm32f10x_rcc.o(.text)
    RCC_PLLCmd                               0x080058a5   Thumb Code     6  stm32f10x_rcc.o(.text)
    RCC_SYSCLKConfig                         0x080058ab   Thumb Code    14  stm32f10x_rcc.o(.text)
    RCC_GetSYSCLKSource                      0x080058b9   Thumb Code    10  stm32f10x_rcc.o(.text)
    RCC_HCLKConfig                           0x080058c3   Thumb Code    14  stm32f10x_rcc.o(.text)
    RCC_PCLK1Config                          0x080058d1   Thumb Code    14  stm32f10x_rcc.o(.text)
    RCC_PCLK2Config                          0x080058df   Thumb Code    16  stm32f10x_rcc.o(.text)
    RCC_ITConfig                             0x080058ef   Thumb Code    22  stm32f10x_rcc.o(.text)
    RCC_USBCLKConfig                         0x08005905   Thumb Code     8  stm32f10x_rcc.o(.text)
    RCC_ADCCLKConfig                         0x0800590d   Thumb Code    14  stm32f10x_rcc.o(.text)
    RCC_LSEConfig                            0x0800591b   Thumb Code    36  stm32f10x_rcc.o(.text)
    RCC_LSICmd                               0x0800593f   Thumb Code     6  stm32f10x_rcc.o(.text)
    RCC_RTCCLKConfig                         0x08005945   Thumb Code    10  stm32f10x_rcc.o(.text)
    RCC_RTCCLKCmd                            0x0800594f   Thumb Code     8  stm32f10x_rcc.o(.text)
    RCC_GetClocksFreq                        0x08005957   Thumb Code   156  stm32f10x_rcc.o(.text)
    RCC_AHBPeriphClockCmd                    0x080059f3   Thumb Code    22  stm32f10x_rcc.o(.text)
    RCC_APB2PeriphClockCmd                   0x08005a09   Thumb Code    22  stm32f10x_rcc.o(.text)
    RCC_APB1PeriphClockCmd                   0x08005a1f   Thumb Code    22  stm32f10x_rcc.o(.text)
    RCC_APB2PeriphResetCmd                   0x08005a35   Thumb Code    22  stm32f10x_rcc.o(.text)
    RCC_APB1PeriphResetCmd                   0x08005a4b   Thumb Code    22  stm32f10x_rcc.o(.text)
    RCC_BackupResetCmd                       0x08005a61   Thumb Code     8  stm32f10x_rcc.o(.text)
    RCC_ClockSecuritySystemCmd               0x08005a69   Thumb Code     6  stm32f10x_rcc.o(.text)
    RCC_MCOConfig                            0x08005a6f   Thumb Code     6  stm32f10x_rcc.o(.text)
    RCC_ClearFlag                            0x08005a75   Thumb Code    12  stm32f10x_rcc.o(.text)
    RCC_GetITStatus                          0x08005a81   Thumb Code    16  stm32f10x_rcc.o(.text)
    RCC_ClearITPendingBit                    0x08005a91   Thumb Code     6  stm32f10x_rcc.o(.text)
    GPIO_DeInit                              0x08005ac1   Thumb Code   188  stm32f10x_gpio.o(.text)
    GPIO_AFIODeInit                          0x08005b7d   Thumb Code    22  stm32f10x_gpio.o(.text)
    GPIO_Init                                0x08005b93   Thumb Code   166  stm32f10x_gpio.o(.text)
    GPIO_StructInit                          0x08005c39   Thumb Code    16  stm32f10x_gpio.o(.text)
    GPIO_ReadInputDataBit                    0x08005c49   Thumb Code    14  stm32f10x_gpio.o(.text)
    GPIO_ReadInputData                       0x08005c57   Thumb Code     6  stm32f10x_gpio.o(.text)
    GPIO_ReadOutputDataBit                   0x08005c5d   Thumb Code    14  stm32f10x_gpio.o(.text)
    GPIO_ReadOutputData                      0x08005c6b   Thumb Code     6  stm32f10x_gpio.o(.text)
    GPIO_SetBits                             0x08005c71   Thumb Code     4  stm32f10x_gpio.o(.text)
    GPIO_ResetBits                           0x08005c75   Thumb Code     4  stm32f10x_gpio.o(.text)
    GPIO_WriteBit                            0x08005c79   Thumb Code    12  stm32f10x_gpio.o(.text)
    GPIO_Write                               0x08005c85   Thumb Code     4  stm32f10x_gpio.o(.text)
    GPIO_PinLockConfig                       0x08005c89   Thumb Code    16  stm32f10x_gpio.o(.text)
    GPIO_EventOutputConfig                   0x08005c99   Thumb Code    22  stm32f10x_gpio.o(.text)
    GPIO_EventOutputCmd                      0x08005caf   Thumb Code     6  stm32f10x_gpio.o(.text)
    GPIO_PinRemapConfig                      0x08005cb5   Thumb Code    86  stm32f10x_gpio.o(.text)
    GPIO_EXTILineConfig                      0x08005d0b   Thumb Code    34  stm32f10x_gpio.o(.text)
    GPIO_ETH_MediaInterfaceConfig            0x08005d2d   Thumb Code     8  stm32f10x_gpio.o(.text)
    USART_DeInit                             0x08005d59   Thumb Code   144  stm32f10x_usart.o(.text)
    USART_Init                               0x08005de9   Thumb Code   182  stm32f10x_usart.o(.text)
    USART_StructInit                         0x08005e9f   Thumb Code    22  stm32f10x_usart.o(.text)
    USART_ClockInit                          0x08005eb5   Thumb Code    30  stm32f10x_usart.o(.text)
    USART_ClockStructInit                    0x08005ed3   Thumb Code    12  stm32f10x_usart.o(.text)
    USART_Cmd                                0x08005edf   Thumb Code    24  stm32f10x_usart.o(.text)
    USART_ITConfig                           0x08005ef7   Thumb Code    54  stm32f10x_usart.o(.text)
    USART_DMACmd                             0x08005f2d   Thumb Code    20  stm32f10x_usart.o(.text)
    USART_SetAddress                         0x08005f41   Thumb Code    16  stm32f10x_usart.o(.text)
    USART_WakeUpConfig                       0x08005f51   Thumb Code    16  stm32f10x_usart.o(.text)
    USART_ReceiverWakeUpCmd                  0x08005f61   Thumb Code    24  stm32f10x_usart.o(.text)
    USART_LINBreakDetectLengthConfig         0x08005f79   Thumb Code    16  stm32f10x_usart.o(.text)
    USART_LINCmd                             0x08005f89   Thumb Code    24  stm32f10x_usart.o(.text)
    USART_SendData                           0x08005fa1   Thumb Code     8  stm32f10x_usart.o(.text)
    USART_ReceiveData                        0x08005fa9   Thumb Code     8  stm32f10x_usart.o(.text)
    USART_SendBreak                          0x08005fb1   Thumb Code    10  stm32f10x_usart.o(.text)
    USART_SetGuardTime                       0x08005fbb   Thumb Code    16  stm32f10x_usart.o(.text)
    USART_SetPrescaler                       0x08005fcb   Thumb Code    16  stm32f10x_usart.o(.text)
    USART_SmartCardCmd                       0x08005fdb   Thumb Code    24  stm32f10x_usart.o(.text)
    USART_SmartCardNACKCmd                   0x08005ff3   Thumb Code    24  stm32f10x_usart.o(.text)
    USART_HalfDuplexCmd                      0x0800600b   Thumb Code    24  stm32f10x_usart.o(.text)
    USART_OverSampling8Cmd                   0x08006023   Thumb Code    24  stm32f10x_usart.o(.text)
    USART_OneBitMethodCmd                    0x0800603b   Thumb Code    24  stm32f10x_usart.o(.text)
    USART_IrDAConfig                         0x08006053   Thumb Code    16  stm32f10x_usart.o(.text)
    USART_IrDACmd                            0x08006063   Thumb Code    24  stm32f10x_usart.o(.text)
    USART_GetFlagStatus                      0x0800607b   Thumb Code    14  stm32f10x_usart.o(.text)
    USART_ClearFlag                          0x08006089   Thumb Code     8  stm32f10x_usart.o(.text)
    USART_GetITStatus                        0x08006091   Thumb Code    64  stm32f10x_usart.o(.text)
    USART_ClearITPendingBit                  0x080060d1   Thumb Code    16  stm32f10x_usart.o(.text)
    EXTI_DeInit                              0x080060f5   Thumb Code    28  stm32f10x_exti.o(.text)
    EXTI_Init                                0x08006111   Thumb Code   110  stm32f10x_exti.o(.text)
    EXTI_StructInit                          0x0800617f   Thumb Code    14  stm32f10x_exti.o(.text)
    EXTI_GenerateSWInterrupt                 0x0800618d   Thumb Code    12  stm32f10x_exti.o(.text)
    EXTI_GetFlagStatus                       0x08006199   Thumb Code    18  stm32f10x_exti.o(.text)
    EXTI_ClearFlag                           0x080061ab   Thumb Code     8  stm32f10x_exti.o(.text)
    EXTI_GetITStatus                         0x080061b3   Thumb Code    28  stm32f10x_exti.o(.text)
    EXTI_ClearITPendingBit                   0x080061cf   Thumb Code     8  stm32f10x_exti.o(.text)
    ADC_DeInit                               0x080061e1   Thumb Code    88  stm32f10x_adc.o(.text)
    ADC_Init                                 0x08006239   Thumb Code    62  stm32f10x_adc.o(.text)
    ADC_StructInit                           0x08006277   Thumb Code    18  stm32f10x_adc.o(.text)
    ADC_Cmd                                  0x08006289   Thumb Code    24  stm32f10x_adc.o(.text)
    ADC_DMACmd                               0x080062a1   Thumb Code    24  stm32f10x_adc.o(.text)
    ADC_ITConfig                             0x080062b9   Thumb Code    22  stm32f10x_adc.o(.text)
    ADC_ResetCalibration                     0x080062cf   Thumb Code    10  stm32f10x_adc.o(.text)
    ADC_GetResetCalibrationStatus            0x080062d9   Thumb Code    14  stm32f10x_adc.o(.text)
    ADC_StartCalibration                     0x080062e7   Thumb Code    10  stm32f10x_adc.o(.text)
    ADC_GetCalibrationStatus                 0x080062f1   Thumb Code    14  stm32f10x_adc.o(.text)
    ADC_SoftwareStartConvCmd                 0x080062ff   Thumb Code    24  stm32f10x_adc.o(.text)
    ADC_GetSoftwareStartConvStatus           0x08006317   Thumb Code    14  stm32f10x_adc.o(.text)
    ADC_DiscModeChannelCountConfig           0x08006325   Thumb Code    16  stm32f10x_adc.o(.text)
    ADC_DiscModeCmd                          0x08006335   Thumb Code    24  stm32f10x_adc.o(.text)
    ADC_RegularChannelConfig                 0x0800634d   Thumb Code   116  stm32f10x_adc.o(.text)
    ADC_ExternalTrigConvCmd                  0x080063c1   Thumb Code    24  stm32f10x_adc.o(.text)
    ADC_GetConversionValue                   0x080063d9   Thumb Code     6  stm32f10x_adc.o(.text)
    ADC_GetDualModeConversionValue           0x080063df   Thumb Code     8  stm32f10x_adc.o(.text)
    ADC_AutoInjectedConvCmd                  0x080063e7   Thumb Code    24  stm32f10x_adc.o(.text)
    ADC_InjectedDiscModeCmd                  0x080063ff   Thumb Code    24  stm32f10x_adc.o(.text)
    ADC_ExternalTrigInjectedConvConfig       0x08006417   Thumb Code    12  stm32f10x_adc.o(.text)
    ADC_ExternalTrigInjectedConvCmd          0x08006423   Thumb Code    24  stm32f10x_adc.o(.text)
    ADC_SoftwareStartInjectedConvCmd         0x0800643b   Thumb Code    24  stm32f10x_adc.o(.text)
    ADC_GetSoftwareStartInjectedConvCmdStatus 0x08006453   Thumb Code    14  stm32f10x_adc.o(.text)
    ADC_InjectedChannelConfig                0x08006461   Thumb Code    74  stm32f10x_adc.o(.text)
    ADC_InjectedSequencerLengthConfig        0x080064ab   Thumb Code    16  stm32f10x_adc.o(.text)
    ADC_SetInjectedOffset                    0x080064bb   Thumb Code    16  stm32f10x_adc.o(.text)
    ADC_GetInjectedConversionValue           0x080064cb   Thumb Code    20  stm32f10x_adc.o(.text)
    ADC_AnalogWatchdogCmd                    0x080064df   Thumb Code    12  stm32f10x_adc.o(.text)
    ADC_AnalogWatchdogThresholdsConfig       0x080064eb   Thumb Code     6  stm32f10x_adc.o(.text)
    ADC_AnalogWatchdogSingleChannelConfig    0x080064f1   Thumb Code    12  stm32f10x_adc.o(.text)
    ADC_TempSensorVrefintCmd                 0x080064fd   Thumb Code    28  stm32f10x_adc.o(.text)
    ADC_GetFlagStatus                        0x08006519   Thumb Code    14  stm32f10x_adc.o(.text)
    ADC_ClearFlag                            0x08006527   Thumb Code     6  stm32f10x_adc.o(.text)
    ADC_GetITStatus                          0x0800652d   Thumb Code    28  stm32f10x_adc.o(.text)
    ADC_ClearITPendingBit                    0x08006549   Thumb Code     8  stm32f10x_adc.o(.text)
    I2C_DeInit                               0x08006569   Thumb Code    52  stm32f10x_i2c.o(.text)
    I2C_Init                                 0x0800659d   Thumb Code   182  stm32f10x_i2c.o(.text)
    I2C_StructInit                           0x08006653   Thumb Code    28  stm32f10x_i2c.o(.text)
    I2C_Cmd                                  0x0800666f   Thumb Code    24  stm32f10x_i2c.o(.text)
    I2C_DMACmd                               0x08006687   Thumb Code    24  stm32f10x_i2c.o(.text)
    I2C_DMALastTransferCmd                   0x0800669f   Thumb Code    24  stm32f10x_i2c.o(.text)
    I2C_GenerateSTART                        0x080066b7   Thumb Code    24  stm32f10x_i2c.o(.text)
    I2C_GenerateSTOP                         0x080066cf   Thumb Code    24  stm32f10x_i2c.o(.text)
    I2C_AcknowledgeConfig                    0x080066e7   Thumb Code    24  stm32f10x_i2c.o(.text)
    I2C_OwnAddress2Config                    0x080066ff   Thumb Code    16  stm32f10x_i2c.o(.text)
    I2C_DualAddressCmd                       0x0800670f   Thumb Code    24  stm32f10x_i2c.o(.text)
    I2C_GeneralCallCmd                       0x08006727   Thumb Code    24  stm32f10x_i2c.o(.text)
    I2C_ITConfig                             0x0800673f   Thumb Code    20  stm32f10x_i2c.o(.text)
    I2C_SendData                             0x08006753   Thumb Code     4  stm32f10x_i2c.o(.text)
    I2C_ReceiveData                          0x08006757   Thumb Code     6  stm32f10x_i2c.o(.text)
    I2C_Send7bitAddress                      0x0800675d   Thumb Code    18  stm32f10x_i2c.o(.text)
    I2C_ReadRegister                         0x0800676f   Thumb Code    16  stm32f10x_i2c.o(.text)
    I2C_SoftwareResetCmd                     0x0800677f   Thumb Code    24  stm32f10x_i2c.o(.text)
    I2C_NACKPositionConfig                   0x08006797   Thumb Code    26  stm32f10x_i2c.o(.text)
    I2C_SMBusAlertConfig                     0x080067b1   Thumb Code    26  stm32f10x_i2c.o(.text)
    I2C_TransmitPEC                          0x080067cb   Thumb Code    24  stm32f10x_i2c.o(.text)
    I2C_PECPositionConfig                    0x080067e3   Thumb Code    26  stm32f10x_i2c.o(.text)
    I2C_CalculatePEC                         0x080067fd   Thumb Code    24  stm32f10x_i2c.o(.text)
    I2C_GetPEC                               0x08006815   Thumb Code     6  stm32f10x_i2c.o(.text)
    I2C_ARPCmd                               0x0800681b   Thumb Code    24  stm32f10x_i2c.o(.text)
    I2C_StretchClockCmd                      0x08006833   Thumb Code    24  stm32f10x_i2c.o(.text)
    I2C_FastModeDutyCycleConfig              0x0800684b   Thumb Code    26  stm32f10x_i2c.o(.text)
    I2C_CheckEvent                           0x08006865   Thumb Code    24  stm32f10x_i2c.o(.text)
    I2C_GetLastEvent                         0x0800687d   Thumb Code    14  stm32f10x_i2c.o(.text)
    I2C_GetFlagStatus                        0x0800688b   Thumb Code    50  stm32f10x_i2c.o(.text)
    I2C_ClearFlag                            0x080068bd   Thumb Code     6  stm32f10x_i2c.o(.text)
    I2C_GetITStatus                          0x080068c3   Thumb Code    34  stm32f10x_i2c.o(.text)
    I2C_ClearITPendingBit                    0x080068e5   Thumb Code     6  stm32f10x_i2c.o(.text)
    Reset_Handler                            0x080068f9   Thumb Code     8  startup_stm32f10x_md.o(.text)
    ADC1_2_IRQHandler                        0x08006913   Thumb Code     0  startup_stm32f10x_md.o(.text)
    CAN1_RX1_IRQHandler                      0x08006913   Thumb Code     0  startup_stm32f10x_md.o(.text)
    CAN1_SCE_IRQHandler                      0x08006913   Thumb Code     0  startup_stm32f10x_md.o(.text)
    DMA1_Channel1_IRQHandler                 0x08006913   Thumb Code     0  startup_stm32f10x_md.o(.text)
    DMA1_Channel2_IRQHandler                 0x08006913   Thumb Code     0  startup_stm32f10x_md.o(.text)
    DMA1_Channel3_IRQHandler                 0x08006913   Thumb Code     0  startup_stm32f10x_md.o(.text)
    DMA1_Channel4_IRQHandler                 0x08006913   Thumb Code     0  startup_stm32f10x_md.o(.text)
    DMA1_Channel5_IRQHandler                 0x08006913   Thumb Code     0  startup_stm32f10x_md.o(.text)
    DMA1_Channel6_IRQHandler                 0x08006913   Thumb Code     0  startup_stm32f10x_md.o(.text)
    DMA1_Channel7_IRQHandler                 0x08006913   Thumb Code     0  startup_stm32f10x_md.o(.text)
    EXTI0_IRQHandler                         0x08006913   Thumb Code     0  startup_stm32f10x_md.o(.text)
    EXTI15_10_IRQHandler                     0x08006913   Thumb Code     0  startup_stm32f10x_md.o(.text)
    EXTI1_IRQHandler                         0x08006913   Thumb Code     0  startup_stm32f10x_md.o(.text)
    EXTI2_IRQHandler                         0x08006913   Thumb Code     0  startup_stm32f10x_md.o(.text)
    EXTI3_IRQHandler                         0x08006913   Thumb Code     0  startup_stm32f10x_md.o(.text)
    EXTI4_IRQHandler                         0x08006913   Thumb Code     0  startup_stm32f10x_md.o(.text)
    FLASH_IRQHandler                         0x08006913   Thumb Code     0  startup_stm32f10x_md.o(.text)
    I2C1_ER_IRQHandler                       0x08006913   Thumb Code     0  startup_stm32f10x_md.o(.text)
    I2C1_EV_IRQHandler                       0x08006913   Thumb Code     0  startup_stm32f10x_md.o(.text)
    I2C2_ER_IRQHandler                       0x08006913   Thumb Code     0  startup_stm32f10x_md.o(.text)
    I2C2_EV_IRQHandler                       0x08006913   Thumb Code     0  startup_stm32f10x_md.o(.text)
    PVD_IRQHandler                           0x08006913   Thumb Code     0  startup_stm32f10x_md.o(.text)
    RCC_IRQHandler                           0x08006913   Thumb Code     0  startup_stm32f10x_md.o(.text)
    RTCAlarm_IRQHandler                      0x08006913   Thumb Code     0  startup_stm32f10x_md.o(.text)
    RTC_IRQHandler                           0x08006913   Thumb Code     0  startup_stm32f10x_md.o(.text)
    SPI1_IRQHandler                          0x08006913   Thumb Code     0  startup_stm32f10x_md.o(.text)
    SPI2_IRQHandler                          0x08006913   Thumb Code     0  startup_stm32f10x_md.o(.text)
    TAMPER_IRQHandler                        0x08006913   Thumb Code     0  startup_stm32f10x_md.o(.text)
    TIM1_BRK_IRQHandler                      0x08006913   Thumb Code     0  startup_stm32f10x_md.o(.text)
    TIM1_CC_IRQHandler                       0x08006913   Thumb Code     0  startup_stm32f10x_md.o(.text)
    TIM1_TRG_COM_IRQHandler                  0x08006913   Thumb Code     0  startup_stm32f10x_md.o(.text)
    TIM1_UP_IRQHandler                       0x08006913   Thumb Code     0  startup_stm32f10x_md.o(.text)
    TIM2_IRQHandler                          0x08006913   Thumb Code     0  startup_stm32f10x_md.o(.text)
    TIM3_IRQHandler                          0x08006913   Thumb Code     0  startup_stm32f10x_md.o(.text)
    TIM4_IRQHandler                          0x08006913   Thumb Code     0  startup_stm32f10x_md.o(.text)
    USART3_IRQHandler                        0x08006913   Thumb Code     0  startup_stm32f10x_md.o(.text)
    USBWakeUp_IRQHandler                     0x08006913   Thumb Code     0  startup_stm32f10x_md.o(.text)
    USB_HP_CAN1_TX_IRQHandler                0x08006913   Thumb Code     0  startup_stm32f10x_md.o(.text)
    USB_LP_CAN1_RX0_IRQHandler               0x08006913   Thumb Code     0  startup_stm32f10x_md.o(.text)
    WWDG_IRQHandler                          0x08006913   Thumb Code     0  startup_stm32f10x_md.o(.text)
    SystemInit                               0x080069c5   Thumb Code    64  system_stm32f10x.o(.text)
    SystemCoreClockUpdate                    0x08006a05   Thumb Code   108  system_stm32f10x.o(.text)
    OS_TaskStatStkChk                        0x08006a99   Thumb Code    50  os_core.o(.text)
    OS_TaskStat                              0x08006acb   Thumb Code    82  os_core.o(.text)
    OS_TaskIdle                              0x08006b51   Thumb Code    22  os_core.o(.text)
    OS_MemClr                                0x08006b9d   Thumb Code    18  os_core.o(.text)
    OSInit                                   0x08006c8f   Thumb Code    46  os_core.o(.text)
    OSIntEnter                               0x08006cbd   Thumb Code    20  os_core.o(.text)
    OSIntExit                                0x08006ce9   Thumb Code    80  os_core.o(.text)
    OSSchedLock                              0x08006d39   Thumb Code    38  os_core.o(.text)
    OS_Sched                                 0x08006d5f   Thumb Code    64  os_core.o(.text)
    OSSchedUnlock                            0x08006d9f   Thumb Code    66  os_core.o(.text)
    OSStart                                  0x08006de1   Thumb Code    38  os_core.o(.text)
    OSStatInit                               0x08006e07   Thumb Code    48  os_core.o(.text)
    OSTimeTick                               0x08006e37   Thumb Code   230  os_core.o(.text)
    OSVersion                                0x08006f1d   Thumb Code     6  os_core.o(.text)
    OS_Dummy                                 0x08006f23   Thumb Code     2  os_core.o(.text)
    OS_EventTaskRemove                       0x08006f25   Thumb Code    34  os_core.o(.text)
    OS_EventTaskRdy                          0x08006f47   Thumb Code    86  os_core.o(.text)
    OS_EventTaskWait                         0x08006f9d   Thumb Code    68  os_core.o(.text)
    OS_EventWaitListInit                     0x08006fe1   Thumb Code    20  os_core.o(.text)
    OS_MemCopy                               0x08006ff5   Thumb Code    20  os_core.o(.text)
    OS_StrLen                                0x08007009   Thumb Code    20  os_core.o(.text)
    OS_TCBInit                               0x0800701d   Thumb Code   228  os_core.o(.text)
    OSFlagAccept                             0x0800710d   Thumb Code   202  os_flag.o(.text)
    OSFlagCreate                             0x080071d7   Thumb Code    70  os_flag.o(.text)
    OS_FlagUnlink                            0x0800721d   Thumb Code    34  os_flag.o(.text)
    OSFlagDel                                0x08007285   Thumb Code   202  os_flag.o(.text)
    OSFlagNameGet                            0x0800734f   Thumb Code    76  os_flag.o(.text)
    OSFlagNameSet                            0x0800739b   Thumb Code    54  os_flag.o(.text)
    OSFlagPend                               0x08007429   Thumb Code   574  os_flag.o(.text)
    OSFlagPendGetFlagsRdy                    0x08007667   Thumb Code    20  os_flag.o(.text)
    OSFlagPost                               0x0800767b   Thumb Code   232  os_flag.o(.text)
    OSFlagQuery                              0x08007763   Thumb Code    38  os_flag.o(.text)
    OS_FlagInit                              0x08007789   Thumb Code    64  os_flag.o(.text)
    OSQAccept                                0x080077d5   Thumb Code    78  os_q.o(.text)
    OSQCreate                                0x08007823   Thumb Code   112  os_q.o(.text)
    OSQDel                                   0x08007893   Thumb Code   224  os_q.o(.text)
    OSQFlush                                 0x08007973   Thumb Code    30  os_q.o(.text)
    OSQPend                                  0x08007991   Thumb Code   214  os_q.o(.text)
    OSQPendAbort                             0x08007a67   Thumb Code   110  os_q.o(.text)
    OSQPost                                  0x08007ad5   Thumb Code   108  os_q.o(.text)
    OSQPostFront                             0x08007b41   Thumb Code   108  os_q.o(.text)
    OSQPostOpt                               0x08007bad   Thumb Code   190  os_q.o(.text)
    OSQQuery                                 0x08007c6b   Thumb Code    90  os_q.o(.text)
    OS_QInit                                 0x08007cc5   Thumb Code    62  os_q.o(.text)
    OSTaskChangePrio                         0x08007d0d   Thumb Code   254  os_task.o(.text)
    OSTaskCreate                             0x08007e0b   Thumb Code   124  os_task.o(.text)
    OS_TaskStkClr                            0x08007e87   Thumb Code    22  os_task.o(.text)
    OSTaskCreateExt                          0x08007e9d   Thumb Code   144  os_task.o(.text)
    OSTaskDel                                0x08007f2d   Thumb Code   274  os_task.o(.text)
    OSTaskDelReq                             0x0800803f   Thumb Code    82  os_task.o(.text)
    OSTaskNameGet                            0x08008091   Thumb Code   152  os_task.o(.text)
    OSTaskNameSet                            0x08008129   Thumb Code    80  os_task.o(.text)
    OSTaskResume                             0x08008179   Thumb Code   122  os_task.o(.text)
    OSTaskStkChk                             0x080081f3   Thumb Code   106  os_task.o(.text)
    OSTaskSuspend                            0x0800825d   Thumb Code   134  os_task.o(.text)
    OSTaskQuery                              0x080082e3   Thumb Code    74  os_task.o(.text)
    OSTaskRegGet                             0x0800832d   Thumb Code    50  os_task.o(.text)
    OSTaskRegSet                             0x0800835f   Thumb Code    54  os_task.o(.text)
    OS_TaskReturn                            0x08008395   Thumb Code    18  os_task.o(.text)
    OSTimeDly                                0x080083c1   Thumb Code    78  os_time.o(.text)
    OSTimeDlyHMSM                            0x0800840f   Thumb Code    74  os_time.o(.text)
    OSTimeDlyResume                          0x08008459   Thumb Code   140  os_time.o(.text)
    OSTimeGet                                0x080084e5   Thumb Code    18  os_time.o(.text)
    OSTimeSet                                0x080084f7   Thumb Code    20  os_time.o(.text)
    OS_CPU_SR_Save                           0x08008529   Thumb Code     0  os_cpu_a.o(.text)
    OS_CPU_SR_Restore                        0x08008531   Thumb Code     0  os_cpu_a.o(.text)
    OSStartHighRdy                           0x08008537   Thumb Code     0  os_cpu_a.o(.text)
    OSCtxSw                                  0x08008559   Thumb Code     0  os_cpu_a.o(.text)
    OSIntCtxSw                               0x08008567   Thumb Code     0  os_cpu_a.o(.text)
    PendSV_Handler                           0x08008577   Thumb Code     0  os_cpu_a.o(.text)
    OSInitHookBegin                          0x080085dd   Thumb Code     2  os_cpu_c.o(.text)
    OSInitHookEnd                            0x080085df   Thumb Code     2  os_cpu_c.o(.text)
    OSTaskCreateHook                         0x080085e1   Thumb Code     2  os_cpu_c.o(.text)
    OSTaskDelHook                            0x080085e3   Thumb Code     2  os_cpu_c.o(.text)
    OSTaskIdleHook                           0x080085e5   Thumb Code     2  os_cpu_c.o(.text)
    OSTaskStatHook                           0x080085e7   Thumb Code     2  os_cpu_c.o(.text)
    OSTaskStkInit                            0x080085e9   Thumb Code    90  os_cpu_c.o(.text)
    OSTaskSwHook                             0x08008643   Thumb Code     2  os_cpu_c.o(.text)
    OSTCBInitHook                            0x08008645   Thumb Code     2  os_cpu_c.o(.text)
    OSTimeTickHook                           0x08008647   Thumb Code     2  os_cpu_c.o(.text)
    OSTaskReturnHook                         0x08008649   Thumb Code     2  os_cpu_c.o(.text)
    tolower                                  0x0800864b   Thumb Code    12  tolower.o(.text)
    ___aeabi_memcpy8$move                    0x08008657   Thumb Code     0  memmovea.o(.text)
    __aeabi_memcpy                           0x08008657   Thumb Code    64  memmovea.o(.text)
    __aeabi_memcpy4                          0x08008657   Thumb Code     0  memmovea.o(.text)
    __aeabi_memmove                          0x08008657   Thumb Code     0  memmovea.o(.text)
    __aeabi_memmove4                         0x08008657   Thumb Code     0  memmovea.o(.text)
    __aeabi_memmove8                         0x08008657   Thumb Code     0  memmovea.o(.text)
    __aeabi_memset                           0x08008697   Thumb Code    14  memseta.o(.text)
    __aeabi_memset4                          0x08008697   Thumb Code     0  memseta.o(.text)
    __aeabi_memset8                          0x08008697   Thumb Code     0  memseta.o(.text)
    __aeabi_memclr                           0x080086a5   Thumb Code     4  memseta.o(.text)
    __aeabi_memclr4                          0x080086a5   Thumb Code     0  memseta.o(.text)
    __aeabi_memclr8                          0x080086a5   Thumb Code     0  memseta.o(.text)
    _memset$wrapper                          0x080086a9   Thumb Code    18  memseta.o(.text)
    strcat                                   0x080086bb   Thumb Code    24  strcat.o(.text)
    strstr                                   0x080086d3   Thumb Code    36  strstr.o(.text)
    strncpy                                  0x080086f7   Thumb Code    24  strncpy.o(.text)
    strchr                                   0x0800870f   Thumb Code    20  strchr.o(.text)
    strlen                                   0x08008723   Thumb Code    14  strlen.o(.text)
    strcpy                                   0x08008731   Thumb Code    18  strcpy.o(.text)
    strncmp                                  0x08008743   Thumb Code    30  strncmp.o(.text)
    __aeabi_dadd                             0x08008761   Thumb Code   322  dadd.o(.text)
    __aeabi_dsub                             0x080088a3   Thumb Code     6  dadd.o(.text)
    __aeabi_drsub                            0x080088a9   Thumb Code     6  dadd.o(.text)
    __aeabi_dmul                             0x080088af   Thumb Code   228  dmul.o(.text)
    __aeabi_i2d                              0x08008993   Thumb Code    34  dflti.o(.text)
    __aeabi_ui2d                             0x080089b5   Thumb Code    26  dfltui.o(.text)
    __aeabi_f2uiz                            0x080089cf   Thumb Code    40  ffixui.o(.text)
    __aeabi_d2iz                             0x080089f7   Thumb Code    62  dfixi.o(.text)
    __aeabi_f2d                              0x08008a35   Thumb Code    38  f2d.o(.text)
    __aeabi_cdcmpeq                          0x08008a5d   Thumb Code     0  cdcmple.o(.text)
    __aeabi_cdcmple                          0x08008a5d   Thumb Code    38  cdcmple.o(.text)
    __aeabi_cdrcmple                         0x08008a85   Thumb Code    38  cdrcmple.o(.text)
    __aeabi_d2f                              0x08008aad   Thumb Code    56  d2f.o(.text)
    __aeabi_uidiv                            0x08008ae5   Thumb Code     0  uidiv.o(.text)
    __aeabi_uidivmod                         0x08008ae5   Thumb Code    44  uidiv.o(.text)
    __aeabi_uldivmod                         0x08008b11   Thumb Code    98  uldiv.o(.text)
    __aeabi_llsl                             0x08008b73   Thumb Code    30  llshl.o(.text)
    _ll_shift_l                              0x08008b73   Thumb Code     0  llshl.o(.text)
    __aeabi_llsr                             0x08008b91   Thumb Code    32  llushr.o(.text)
    _ll_ushift_r                             0x08008b91   Thumb Code     0  llushr.o(.text)
    __aeabi_lasr                             0x08008bb1   Thumb Code    36  llsshr.o(.text)
    _ll_sshift_r                             0x08008bb1   Thumb Code     0  llsshr.o(.text)
    __I$use$fp                               0x08008bd5   Thumb Code     0  iusefp.o(.text)
    _float_round                             0x08008bd5   Thumb Code    18  fepilogue.o(.text)
    _float_epilogue                          0x08008be7   Thumb Code    92  fepilogue.o(.text)
    _double_round                            0x08008c43   Thumb Code    26  depilogue.o(.text)
    _double_epilogue                         0x08008c5d   Thumb Code   156  depilogue.o(.text)
    __aeabi_ddiv                             0x08008cf9   Thumb Code   222  ddiv.o(.text)
    __ARM_scalbn                             0x08008dd7   Thumb Code    46  dscalb.o(.text)
    scalbn                                   0x08008dd7   Thumb Code     0  dscalb.o(.text)
    __aeabi_d2ulz                            0x08008e05   Thumb Code    48  dfixul.o(.text)
    __scatterload                            0x08008e35   Thumb Code    28  init.o(.text)
    __scatterload_rt2                        0x08008e35   Thumb Code     0  init.o(.text)
    _dsqrt                                   0x08008e59   Thumb Code   162  dsqrt.o(.text)
    __0printf                                0x08008efd   Thumb Code    22  printfa.o(i.__0printf)
    __1printf                                0x08008efd   Thumb Code     0  printfa.o(i.__0printf)
    __2printf                                0x08008efd   Thumb Code     0  printfa.o(i.__0printf)
    __c89printf                              0x08008efd   Thumb Code     0  printfa.o(i.__0printf)
    printf                                   0x08008efd   Thumb Code     0  printfa.o(i.__0printf)
    __0sprintf                               0x08008f1d   Thumb Code    34  printfa.o(i.__0sprintf)
    __1sprintf                               0x08008f1d   Thumb Code     0  printfa.o(i.__0sprintf)
    __2sprintf                               0x08008f1d   Thumb Code     0  printfa.o(i.__0sprintf)
    __c89sprintf                             0x08008f1d   Thumb Code     0  printfa.o(i.__0sprintf)
    sprintf                                  0x08008f1d   Thumb Code     0  printfa.o(i.__0sprintf)
    __ARM_fpclassify                         0x08008f45   Thumb Code    40  fpclassify.o(i.__ARM_fpclassify)
    __kernel_poly                            0x08008f6d   Thumb Code   170  poly.o(i.__kernel_poly)
    __mathlib_dbl_underflow                  0x08009019   Thumb Code    10  dunder.o(i.__mathlib_dbl_underflow)
    __scatterload_copy                       0x08009029   Thumb Code    14  handlers.o(i.__scatterload_copy)
    __scatterload_null                       0x08009037   Thumb Code     2  handlers.o(i.__scatterload_null)
    __scatterload_zeroinit                   0x08009039   Thumb Code    14  handlers.o(i.__scatterload_zeroinit)
    __set_errno                              0x08009049   Thumb Code     6  errno.o(i.__set_errno)
    floor                                    0x080098f1   Thumb Code   204  floor.o(i.floor)
    free                                     0x080099cd   Thumb Code    76  malloc.o(i.free)
    malloc                                   0x08009a1d   Thumb Code    92  malloc.o(i.malloc)
    pow                                      0x08009a89   Thumb Code  2510  pow.o(i.pow)
    sqrt                                     0x0800a469   Thumb Code    76  sqrt.o(i.sqrt)
    GB_12                                    0x0800a4bc   Data        2424  graphics.o(.constdata)
    _PersistMenus                            0x0800ae34   Data         352  graphics.o(.constdata)
    OSUnMapTbl                               0x0800b194   Data         256  os_core.o(.constdata)
    __mathlib_zero                           0x0800b320   Data           8  qnan.o(.constdata)
    Region$$Table$$Base                      0x0800b328   Number         0  anon$$obj.o(Region$$Table)
    Region$$Table$$Limit                     0x0800b348   Number         0  anon$$obj.o(Region$$Table)
    flag_hy                                  0x20000000   Data           4  stm32f10x_it.o(.data)
    j                                        0x20000004   Data           4  stm32f10x_it.o(.data)
    temp                                     0x20000008   Data           2  task.o(.data)
    humi                                     0x2000000a   Data           2  task.o(.data)
    flag_12864                               0x2000000c   Data           4  task.o(.data)
    flag_yuyin                               0x20000010   Data           4  task.o(.data)
    tem                                      0x20000014   Data           4  task.o(.data)
    hum                                      0x20000018   Data           4  task.o(.data)
    send_pkg                                 0x2000002c   Data           4  esp8266.o(.data)
    rcv_cmd_start                            0x20000030   Data           1  usart2.o(.data)
    usart2_rcv_len                           0x20000034   Data           4  usart2.o(.data)
    usart2_cmd_len                           0x20000038   Data           4  usart2.o(.data)
    red_value                                0x2000003c   Data           1  led.o(.data)
    yellow_value                             0x2000003d   Data           1  led.o(.data)
    blue_value                               0x2000003e   Data           1  led.o(.data)
    green_value                              0x2000003f   Data           1  led.o(.data)
    beep_value                               0x20000040   Data           1  led.o(.data)
    jdq1_value                               0x20000041   Data           1  led.o(.data)
    jdq2_value                               0x20000042   Data           1  led.o(.data)
    hy_value                                 0x20000043   Data           1  led.o(.data)
    number                                   0x20000044   Data           1  led.o(.data)
    _MenuSystem                              0x20000048   Data           3  graphics.o(.data)
    _CurrentMenu                             0x2000004c   Data           4  graphics.o(.data)
    _ParentMenu                              0x20000050   Data           4  graphics.o(.data)
    _PersistMenu                             0x20000054   Data           4  graphics.o(.data)
    _Menus                                   0x20000058   Data          33  graphics.o(.data)
    SystemCoreClock                          0x20000090   Data           4  system_stm32f10x.o(.data)
    AHBPrescTable                            0x20000094   Data          16  system_stm32f10x.o(.data)
    OSCPUUsage                               0x200000a4   Data           1  os_core.o(.data)
    OSStatRdy                                0x200000a5   Data           1  os_core.o(.data)
    OSIntNesting                             0x200000a6   Data           1  os_core.o(.data)
    OSLockNesting                            0x200000a7   Data           1  os_core.o(.data)
    OSPrioCur                                0x200000a8   Data           1  os_core.o(.data)
    OSPrioHighRdy                            0x200000a9   Data           1  os_core.o(.data)
    OSRdyGrp                                 0x200000aa   Data           1  os_core.o(.data)
    OSRunning                                0x200000ab   Data           1  os_core.o(.data)
    OSTaskCtr                                0x200000ac   Data           1  os_core.o(.data)
    OSTickStepState                          0x200000ad   Data           1  os_core.o(.data)
    OSCtxSwCtr                               0x200000b0   Data           4  os_core.o(.data)
    OSEventFreeList                          0x200000b4   Data           4  os_core.o(.data)
    OSIdleCtrMax                             0x200000b8   Data           4  os_core.o(.data)
    OSIdleCtrRun                             0x200000bc   Data           4  os_core.o(.data)
    OSIdleCtr                                0x200000c0   Data           4  os_core.o(.data)
    OSTCBCur                                 0x200000c4   Data           4  os_core.o(.data)
    OSTCBFreeList                            0x200000c8   Data           4  os_core.o(.data)
    OSTCBHighRdy                             0x200000cc   Data           4  os_core.o(.data)
    OSTCBList                                0x200000d0   Data           4  os_core.o(.data)
    OSTime                                   0x200000d4   Data           4  os_core.o(.data)
    OSRdyTbl                                 0x200000d8   Data           8  os_core.o(.data)
    OSFlagFreeList                           0x200000e0   Data           4  os_core.o(.data)
    OSQFreeList                              0x200000e4   Data           4  os_core.o(.data)
    __stdout                                 0x200000e8   Data           4  stdout.o(.data)
    __microlib_freelist                      0x200000ec   Data           4  mvars.o(.data)
    __microlib_freelist_initialised          0x200000f0   Data           4  mvars.o(.data)
    Receive                                  0x200000f8   Data          10  stm32f10x_it.o(.bss)
    START_TASK_STK                           0x20000104   Data         256  task.o(.bss)
    LCD_TASK_STK                             0x20000204   Data         512  task.o(.bss)
    HSE_TASK_STK                             0x20000404   Data         512  task.o(.bss)
    USER1_TASK_STK                           0x20000604   Data         512  task.o(.bss)
    send_buf                                 0x20000804   Data        1024  esp8266.o(.bss)
    usart2_rcv_buf                           0x20000c04   Data        1024  usart2.o(.bss)
    usart2_cmd_buf                           0x20001004   Data         256  usart2.o(.bss)
    Lcd_Data_Cache                           0x20001104   Data        1024  qc12864.o(.bss)
    OSEventTbl                               0x20001504   Data         200  os_core.o(.bss)
    OSTaskStatStk                            0x200015cc   Data         512  os_core.o(.bss)
    OSTaskIdleStk                            0x200017cc   Data         512  os_core.o(.bss)
    OSTCBPrioTbl                             0x200019cc   Data         256  os_core.o(.bss)
    OSTCBTbl                                 0x20001acc   Data        1008  os_core.o(.bss)
    OSFlagTbl                                0x20001ebc   Data          80  os_core.o(.bss)
    OSQTbl                                   0x20001f0c   Data         120  os_core.o(.bss)
    __heap_base                              0x20001f88   Data           0  startup_stm32f10x_md.o(HEAP)
    __heap_limit                             0x20002188   Data           0  startup_stm32f10x_md.o(HEAP)
    __initial_sp                             0x20002588   Data           0  startup_stm32f10x_md.o(STACK)



==============================================================================

Memory Map of the image

  Image Entry point : 0x080000ed

  Load Region LR_IROM1 (Base: 0x08000000, Size: 0x0000b440, Max: 0x00020000, ABSOLUTE)

    Execution Region ER_IROM1 (Base: 0x08000000, Size: 0x0000b348, Max: 0x00020000, ABSOLUTE)

    Base Addr    Size         Type   Attr      Idx    E Section Name        Object

    0x08000000   0x000000ec   Data   RO          613    RESET               startup_stm32f10x_md.o
    0x080000ec   0x00000000   Code   RO          815  * .ARM.Collect$$$$00000000  mc_w.l(entry.o)
    0x080000ec   0x00000004   Code   RO         1168    .ARM.Collect$$$$00000001  mc_w.l(entry2.o)
    0x080000f0   0x00000004   Code   RO         1171    .ARM.Collect$$$$00000004  mc_w.l(entry5.o)
    0x080000f4   0x00000000   Code   RO         1173    .ARM.Collect$$$$00000008  mc_w.l(entry7b.o)
    0x080000f4   0x00000000   Code   RO         1175    .ARM.Collect$$$$0000000A  mc_w.l(entry8b.o)
    0x080000f4   0x00000008   Code   RO         1176    .ARM.Collect$$$$0000000B  mc_w.l(entry9a.o)
    0x080000fc   0x00000000   Code   RO         1178    .ARM.Collect$$$$0000000D  mc_w.l(entry10a.o)
    0x080000fc   0x00000000   Code   RO         1180    .ARM.Collect$$$$0000000F  mc_w.l(entry11a.o)
    0x080000fc   0x00000004   Code   RO         1169    .ARM.Collect$$$$00002712  mc_w.l(entry2.o)
    0x08000100   0x00000044   Code   RO            1    .text               main.o
    0x08000144   0x00000104   Code   RO          186    .text               stm32f10x_it.o
    0x08000248   0x000002f8   Code   RO          235    .text               task.o
    0x08000540   0x000000c0   Code   RO          266    .text               delay.o
    0x08000600   0x0000170e   Code   RO          280    .text               cjson.o
    0x08001d0e   0x00000002   PAD
    0x08001d10   0x000014c8   Code   RO          318    .text               edpkit.o
    0x080031d8   0x00000494   Code   RO          337    .text               esp8266.o
    0x0800366c   0x000000dc   Code   RO          357    .text               usart2.o
    0x08003748   0x0000031c   Code   RO          380    .text               led.o
    0x08003a64   0x00000958   Code   RO          399    .text               graphics.o
    0x080043bc   0x00000790   Code   RO          438    .text               qc12864.o
    0x08004b4c   0x000002e4   Code   RO          456    .text               hal_i2c.o
    0x08004e30   0x00000500   Code   RO          468    .text               sht20.o
    0x08005330   0x0000009c   Code   RO          487    .text               utils.o
    0x080053cc   0x0000033c   Code   RO          501    .text               bsp.o
    0x08005708   0x000000b8   Code   RO          513    .text               misc.o
    0x080057c0   0x00000300   Code   RO          525    .text               stm32f10x_rcc.o
    0x08005ac0   0x00000298   Code   RO          539    .text               stm32f10x_gpio.o
    0x08005d58   0x0000039c   Code   RO          551    .text               stm32f10x_usart.o
    0x080060f4   0x000000ec   Code   RO          563    .text               stm32f10x_exti.o
    0x080061e0   0x00000388   Code   RO          587    .text               stm32f10x_adc.o
    0x08006568   0x00000390   Code   RO          599    .text               stm32f10x_i2c.o
    0x080068f8   0x00000024   Code   RO          614    .text               startup_stm32f10x_md.o
    0x0800691c   0x0000017c   Code   RO          619    .text               system_stm32f10x.o
    0x08006a98   0x00000674   Code   RO          647    .text               os_core.o
    0x0800710c   0x000006c8   Code   RO          671    .text               os_flag.o
    0x080077d4   0x00000538   Code   RO          713    .text               os_q.o
    0x08007d0c   0x000006b4   Code   RO          737    .text               os_task.o
    0x080083c0   0x00000168   Code   RO          749    .text               os_time.o
    0x08008528   0x000000b4   Code   RO          767    .text               os_cpu_a.o
    0x080085dc   0x0000006e   Code   RO          770    .text               os_cpu_c.o
    0x0800864a   0x0000000c   Code   RO          818    .text               mc_w.l(tolower.o)
    0x08008656   0x00000040   Code   RO          822    .text               mc_w.l(memmovea.o)
    0x08008696   0x00000024   Code   RO          824    .text               mc_w.l(memseta.o)
    0x080086ba   0x00000018   Code   RO          826    .text               mc_w.l(strcat.o)
    0x080086d2   0x00000024   Code   RO          828    .text               mc_w.l(strstr.o)
    0x080086f6   0x00000018   Code   RO          830    .text               mc_w.l(strncpy.o)
    0x0800870e   0x00000014   Code   RO          832    .text               mc_w.l(strchr.o)
    0x08008722   0x0000000e   Code   RO          834    .text               mc_w.l(strlen.o)
    0x08008730   0x00000012   Code   RO          836    .text               mc_w.l(strcpy.o)
    0x08008742   0x0000001e   Code   RO          838    .text               mc_w.l(strncmp.o)
    0x08008760   0x0000014e   Code   RO         1133    .text               mf_w.l(dadd.o)
    0x080088ae   0x000000e4   Code   RO         1135    .text               mf_w.l(dmul.o)
    0x08008992   0x00000022   Code   RO         1137    .text               mf_w.l(dflti.o)
    0x080089b4   0x0000001a   Code   RO         1139    .text               mf_w.l(dfltui.o)
    0x080089ce   0x00000028   Code   RO         1141    .text               mf_w.l(ffixui.o)
    0x080089f6   0x0000003e   Code   RO         1143    .text               mf_w.l(dfixi.o)
    0x08008a34   0x00000026   Code   RO         1145    .text               mf_w.l(f2d.o)
    0x08008a5a   0x00000002   PAD
    0x08008a5c   0x00000028   Code   RO         1147    .text               mf_w.l(cdcmple.o)
    0x08008a84   0x00000028   Code   RO         1149    .text               mf_w.l(cdrcmple.o)
    0x08008aac   0x00000038   Code   RO         1151    .text               mf_w.l(d2f.o)
    0x08008ae4   0x0000002c   Code   RO         1183    .text               mc_w.l(uidiv.o)
    0x08008b10   0x00000062   Code   RO         1185    .text               mc_w.l(uldiv.o)
    0x08008b72   0x0000001e   Code   RO         1187    .text               mc_w.l(llshl.o)
    0x08008b90   0x00000020   Code   RO         1189    .text               mc_w.l(llushr.o)
    0x08008bb0   0x00000024   Code   RO         1191    .text               mc_w.l(llsshr.o)
    0x08008bd4   0x00000000   Code   RO         1202    .text               mc_w.l(iusefp.o)
    0x08008bd4   0x0000006e   Code   RO         1203    .text               mf_w.l(fepilogue.o)
    0x08008c42   0x000000b6   Code   RO         1205    .text               mf_w.l(depilogue.o)
    0x08008cf8   0x000000de   Code   RO         1207    .text               mf_w.l(ddiv.o)
    0x08008dd6   0x0000002e   Code   RO         1209    .text               mf_w.l(dscalb.o)
    0x08008e04   0x00000030   Code   RO         1211    .text               mf_w.l(dfixul.o)
    0x08008e34   0x00000024   Code   RO         1213    .text               mc_w.l(init.o)
    0x08008e58   0x000000a2   Code   RO         1215    .text               mf_w.l(dsqrt.o)
    0x08008efa   0x00000002   PAD
    0x08008efc   0x00000020   Code   RO         1077    i.__0printf         mc_w.l(printfa.o)
    0x08008f1c   0x00000028   Code   RO         1079    i.__0sprintf        mc_w.l(printfa.o)
    0x08008f44   0x00000028   Code   RO         1155    i.__ARM_fpclassify  m_ws.l(fpclassify.o)
    0x08008f6c   0x000000aa   Code   RO         1157    i.__kernel_poly     m_ws.l(poly.o)
    0x08009016   0x00000002   PAD
    0x08009018   0x00000010   Code   RO         1153    i.__mathlib_dbl_underflow  m_ws.l(dunder.o)
    0x08009028   0x0000000e   Code   RO         1219    i.__scatterload_copy  mc_w.l(handlers.o)
    0x08009036   0x00000002   Code   RO         1220    i.__scatterload_null  mc_w.l(handlers.o)
    0x08009038   0x0000000e   Code   RO         1221    i.__scatterload_zeroinit  mc_w.l(handlers.o)
    0x08009046   0x00000002   PAD
    0x08009048   0x0000000c   Code   RO         1197    i.__set_errno       mc_w.l(errno.o)
    0x08009054   0x00000164   Code   RO         1084    i._fp_digits        mc_w.l(printfa.o)
    0x080091b8   0x000006dc   Code   RO         1085    i._printf_core      mc_w.l(printfa.o)
    0x08009894   0x00000024   Code   RO         1086    i._printf_post_padding  mc_w.l(printfa.o)
    0x080098b8   0x0000002e   Code   RO         1087    i._printf_pre_padding  mc_w.l(printfa.o)
    0x080098e6   0x0000000a   Code   RO         1089    i._sputc            mc_w.l(printfa.o)
    0x080098f0   0x000000dc   Code   RO          802    i.floor             m_ws.l(floor.o)
    0x080099cc   0x00000050   Code   RO         1105    i.free              mc_w.l(malloc.o)
    0x08009a1c   0x0000006c   Code   RO         1106    i.malloc            mc_w.l(malloc.o)
    0x08009a88   0x000009e0   Code   RO          806    i.pow               m_ws.l(pow.o)
    0x0800a468   0x0000004c   Code   RO         1161    i.sqrt              m_ws.l(sqrt.o)
    0x0800a4b4   0x00000007   Data   RO          281    .constdata          cjson.o
    0x0800a4bb   0x00000001   PAD
    0x0800a4bc   0x00000ad8   Data   RO          401    .constdata          graphics.o
    0x0800af94   0x00000200   Data   RO          488    .constdata          utils.o
    0x0800b194   0x00000100   Data   RO          651    .constdata          os_core.o
    0x0800b294   0x00000004   PAD
    0x0800b298   0x00000088   Data   RO          807    .constdata          m_ws.l(pow.o)
    0x0800b320   0x00000008   Data   RO         1159    .constdata          m_ws.l(qnan.o)
    0x0800b328   0x00000020   Data   RO         1217    Region$$Table       anon$$obj.o


    Execution Region RW_IRAM1 (Base: 0x20000000, Size: 0x00002588, Max: 0x00005000, ABSOLUTE)

    Base Addr    Size         Type   Attr      Idx    E Section Name        Object

    0x20000000   0x00000008   Data   RW          188    .data               stm32f10x_it.o
    0x20000008   0x00000014   Data   RW          239    .data               task.o
    0x2000001c   0x00000004   Data   RW          267    .data               delay.o
    0x20000020   0x0000000c   Data   RW          282    .data               cjson.o
    0x2000002c   0x00000004   Data   RW          339    .data               esp8266.o
    0x20000030   0x00000001   Data   RW          360    .data               usart2.o
    0x20000031   0x00000003   PAD
    0x20000034   0x00000004   Data   RW          362    .data               usart2.o
    0x20000038   0x00000004   Data   RW          363    .data               usart2.o
    0x2000003c   0x00000009   Data   RW          381    .data               led.o
    0x20000045   0x00000003   PAD
    0x20000048   0x00000031   Data   RW          402    .data               graphics.o
    0x20000079   0x00000014   Data   RW          526    .data               stm32f10x_rcc.o
    0x2000008d   0x00000003   PAD
    0x20000090   0x00000014   Data   RW          620    .data               system_stm32f10x.o
    0x200000a4   0x0000003c   Data   RW          652    .data               os_core.o
    0x200000e0   0x00000004   Data   RW          653    .data               os_core.o
    0x200000e4   0x00000004   Data   RW          654    .data               os_core.o
    0x200000e8   0x00000004   Data   RW         1182    .data               mc_w.l(stdout.o)
    0x200000ec   0x00000004   Data   RW         1193    .data               mc_w.l(mvars.o)
    0x200000f0   0x00000004   Data   RW         1194    .data               mc_w.l(mvars.o)
    0x200000f4   0x00000004   Data   RW         1198    .data               mc_w.l(errno.o)
    0x200000f8   0x0000000a   Zero   RW          187    .bss                stm32f10x_it.o
    0x20000102   0x00000002   PAD
    0x20000104   0x00000100   Zero   RW          236    .bss                task.o
    0x20000204   0x00000600   Zero   RW          237    .bss                task.o
    0x20000804   0x00000400   Zero   RW          338    .bss                esp8266.o
    0x20000c04   0x00000400   Zero   RW          358    .bss                usart2.o
    0x20001004   0x00000100   Zero   RW          359    .bss                usart2.o
    0x20001104   0x00000400   Zero   RW          439    .bss                qc12864.o
    0x20001504   0x000009b8   Zero   RW          648    .bss                os_core.o
    0x20001ebc   0x00000050   Zero   RW          649    .bss                os_core.o
    0x20001f0c   0x00000078   Zero   RW          650    .bss                os_core.o
    0x20001f84   0x00000004   PAD
    0x20001f88   0x00000200   Zero   RW          612    HEAP                startup_stm32f10x_md.o
    0x20002188   0x00000400   Zero   RW          611    STACK               startup_stm32f10x_md.o


==============================================================================

Image component sizes


      Code (inc. data)   RO Data    RW Data    ZI Data      Debug   Object Name

       828         22          0          0          0       2957   bsp.o
      5902        170          7         12          0      26320   cjson.o
       192         16          0          4          0       1295   delay.o
      5320         76          0          0          0      33149   edpkit.o
      1172        376          0          4       1024       2676   esp8266.o
      2392         80       2776         49          0       8148   graphics.o
       740         22          0          0          0       3015   hal_i2c.o
       796        132          0          9          0       2361   led.o
        68         10          0          0          0     263376   main.o
       184         12          0          0          0       2061   misc.o
      1652         74        256         68       2688      15579   os_core.o
       180         36          0          0          0        340   os_cpu_a.o
       110          0          0          0          0      10410   os_cpu_c.o
      1736         42          0          0          0       7912   os_flag.o
      1336         32          0          0          0       6101   os_q.o
      1716         70          0          0          0       8177   os_task.o
       360         30          0          0          0       1914   os_time.o
      1936         22          0          0       1024       9037   qc12864.o
      1280         42          0          0          0       3735   sht20.o
        36          8        236          0       1536        920   startup_stm32f10x_md.o
       904         24          0          0          0      11889   stm32f10x_adc.o
       236         10          0          0          0       2531   stm32f10x_exti.o
       664         36          0          0          0       6325   stm32f10x_gpio.o
       912         14          0          0          0       9995   stm32f10x_i2c.o
       260         38          0          8         10       6734   stm32f10x_it.o
       768         42          0         20          0       9488   stm32f10x_rcc.o
       924         20          0          0          0       9276   stm32f10x_usart.o
       380         40          0         20          0       2107   system_stm32f10x.o
       760         84          0         20       1792       3015   task.o
       220          8          0          9       1280       1796   usart2.o
       156         10        512          0          0       2222   utils.o

    ----------------------------------------------------------------------
     34122       1598       3824        232       9360     474861   Object Totals
         0          0         32          0          0          0   (incl. Generated)
         2          0          5          9          6          0   (incl. Padding)

    ----------------------------------------------------------------------

      Code (inc. data)   RO Data    RW Data    ZI Data      Debug   Library Member Name

        16          6          0          0          0         68   dunder.o
       220         16          0          0          0         84   floor.o
        40          0          0          0          0         68   fpclassify.o
       170          0          0          0          0         96   poly.o
      2528        190        136          0          0        332   pow.o
         0          0          8          0          0          0   qnan.o
        76          0          0          0          0         84   sqrt.o
         0          0          0          0          0          0   entry.o
         0          0          0          0          0          0   entry10a.o
         0          0          0          0          0          0   entry11a.o
         8          4          0          0          0          0   entry2.o
         4          0          0          0          0          0   entry5.o
         0          0          0          0          0          0   entry7b.o
         0          0          0          0          0          0   entry8b.o
         8          4          0          0          0          0   entry9a.o
        12          6          0          4          0         68   errno.o
        30          0          0          0          0          0   handlers.o
        36          8          0          0          0         68   init.o
         0          0          0          0          0          0   iusefp.o
        30          0          0          0          0         68   llshl.o
        36          0          0          0          0         68   llsshr.o
        32          0          0          0          0         68   llushr.o
       188         20          0          0          0        160   malloc.o
        64          0          0          0          0         76   memmovea.o
        36          0          0          0          0        108   memseta.o
         0          0          0          8          0          0   mvars.o
      2276         96          0          0          0        596   printfa.o
         0          0          0          4          0          0   stdout.o
        24          0          0          0          0         68   strcat.o
        20          0          0          0          0         68   strchr.o
        18          0          0          0          0         68   strcpy.o
        14          0          0          0          0         68   strlen.o
        30          0          0          0          0         80   strncmp.o
        24          0          0          0          0         76   strncpy.o
        36          0          0          0          0         80   strstr.o
        12          0          0          0          0         68   tolower.o
        44          0          0          0          0         80   uidiv.o
        98          0          0          0          0         92   uldiv.o
        40          2          0          0          0         68   cdcmple.o
        40          2          0          0          0         68   cdrcmple.o
        56          0          0          0          0         88   d2f.o
       334          0          0          0          0        148   dadd.o
       222          0          0          0          0        100   ddiv.o
       182          0          0          0          0        176   depilogue.o
        62          0          0          0          0         80   dfixi.o
        48          0          0          0          0         68   dfixul.o
        34          0          0          0          0         76   dflti.o
        26          0          0          0          0         76   dfltui.o
       228          0          0          0          0         96   dmul.o
        46          0          0          0          0         80   dscalb.o
       162          0          0          0          0        100   dsqrt.o
        38          0          0          0          0         68   f2d.o
       110          0          0          0          0        168   fepilogue.o
        40          0          0          0          0         68   ffixui.o

    ----------------------------------------------------------------------
      7806        354        144         16          0       4288   Library Totals
         8          0          0          0          0          0   (incl. Padding)

    ----------------------------------------------------------------------

      Code (inc. data)   RO Data    RW Data    ZI Data      Debug   Library Name

      3050        212        144          0          0        732   m_ws.l
      3080        138          0         16          0       2028   mc_w.l
      1668          4          0          0          0       1528   mf_w.l

    ----------------------------------------------------------------------
      7806        354        144         16          0       4288   Library Totals

    ----------------------------------------------------------------------

==============================================================================


      Code (inc. data)   RO Data    RW Data    ZI Data      Debug   

     41928       1952       3968        248       9360     473841   Grand Totals
     41928       1952       3968        248       9360     473841   ELF Image Totals
     41928       1952       3968        248          0          0   ROM Totals

==============================================================================

    Total RO  Size (Code + RO Data)                45896 (  44.82kB)
    Total RW  Size (RW Data + ZI Data)              9608 (   9.38kB)
    Total ROM Size (Code + RO Data + RW Data)      46144 (  45.06kB)

==============================================================================

